                        .module Camera.c
                        .area text
 0000                   .dbfile ..\REV1~1.01\Camera.c
                        .area data
 0000                   .dbfile ..\REV1~1.01\Camera.c
 0000           _wd_flag::
 0000                   .blkb 1
                        .area idata
 0000 00                .byte 0
                        .area data
 0001                   .dbfile ..\REV1~1.01\Camera.c
 0001                   .dbfile C:\Dev\REV1~1.01\Camera.c
 0001                   .dbsym e wd_flag _wd_flag c
 0001           _wdInit::
 0001                   .blkb 1
                        .area idata
 0001 00                .byte 0
                        .area data
 0002                   .dbfile C:\Dev\REV1~1.01\Camera.c
 0002                   .dbsym e wdInit _wdInit c
 0002           _wdStarted::
 0002                   .blkb 1
                        .area idata
 0002 00                .byte 0
                        .area data
 0003                   .dbfile C:\Dev\REV1~1.01\Camera.c
 0003                   .dbsym e wdStarted _wdStarted c
                        .area text
 0000                   .dbfile C:\Dev\REV1~1.01\Camera.c
 0000                   .dbfunc e main _main fV
 0000           _main::
 0000                   .dbline -1
 0000                   .dbline 30
 0000           ; #include <stdio.h>
 0000           ; 
 0000           ; #include "Camera.h"
 0000           ; #include "mc9s12a128.h"
 0000           ; #include "EEProm.h"
 0000           ; #include "Subroutines.h"
 0000           ; #include "Interrupts.h"
 0000           ; #include "MenuFunctions.h"
 0000           ; #include "mco.h"
 0000           ; 
 0000           ; 
 0000           ; extern unsigned int WD_Timer;
 0000           ; extern int SIN0Bufptr;
 0000           ; extern char SOUT0Buf[SOUT0BufLen];
 0000           ; extern int SIN1Bufptr;
 0000           ; extern char SOUT1Buf[SOUT1BufLen];
 0000           ; extern int SOUT1Bufptr;
 0000           ; extern unsigned int Timer1;
 0000           ; extern unsigned int cam_add;
 0000           ; extern char cam_addx[2];
 0000           ; extern unsigned int TestTimer;
 0000           ; extern Init_Cam(void);
 0000           ; extern SetCameraDefaults(void);
 0000           ; 
 0000           ; char wd_flag = 0, wdInit = 0, wdStarted = 0;
 0000           ; char ch[2];
 0000           ; 
 0000           ; 
 0000           ; void main (void)
 0000           ; {
 0000                   .dbline 31
 0000           ;       InitPorts();
 0000 4A004646          xcall $_InitPorts
 0004                   .dbline 32
 0004           ;       InitInterrupts();
 0004 4A00A3A3          xcall $_InitInterrupts
 0008                   .dbline 33
 0008           ;       InitWatchdog();
 0008 4A000000          xcall $_InitWatchdog
 000C                   .dbline 34
 000C           ;       InitPLL();
 000C 4A00D8D8          xcall $_InitPLL
 0010                   .dbline 35
 0010           ;       InitSCI();
 0010 4A017373          xcall $_InitSCI
 0014                   .dbline 36
 0014           ;       InitSPI();
 0014 4A01C5C5          xcall $_InitSPI
 0018                   .dbline 37
 0018           ;       PWMInit();
 0018 4A00ECEC          xcall $_PWMInit
 001C                   .dbline 38
 001C           ;       AtoDInit();
 001C 4A014B4B          xcall $_AtoDInit
 0020                   .dbline 39
 0020           ;       IICInit();
 0020 4A016363          xcall $_IICInit
 0024                   .dbline 40
 0024           ;     EEInit();
 0024 4A000000          xcall $_EEInit
 0028                   .dbline 41
 0028           ;     InitCANopen();  //also enables all interrupts with INTR_ON()
 0028 4A01A9A9          xcall $_InitCANopen
 002C                   .dbline 43
 002C           ;       
 002C           ;       Load_Camera_Add();     //get camera address from memory, do NOT use default value
 002C 4A000000          xcall $_Load_Camera_Add
 0030                   .dbline 48
 0030           ;     //important to load_camera_add() before Load_Variables(), EEProm is not available for
 0030           ;     //brief period after save_variables at end of load_variables()
 0030           ;       
 0030           ;       //Skip over this function call to change the serial number
 0030           ;       Load_Serial_Num();
 0030 4A000000          xcall $_Load_Serial_Num
 0034                   .dbline 49
 0034           ;       Load_Variables();
 0034 4A000000          xcall $_Load_Variables
 0038                   .dbline 51
 0038           ; 
 0038           ;     Init_Cam();
 0038 4A000000          xcall $_Init_Cam
 003C                   .dbline 53
 003C           ;       
 003C           ;       COPCTL = 0x46;                          //enable COP, 1.05 secs
 003C 180B46003C        movb #70,0x3c
 0041                   .dbline 54
 0041           ;       wdInit = 0;
 0041 790001            clr _wdInit
 0044                   .dbline 56
 0044           ;       
 0044           ;       PORTA &= ~CAM_ON;       //turn camera off
 0044 1D000004          bclr 0,#4
 0048                   .dbline 57
 0048           ;       mic_setEnabled(false);
 0048 CC0000            ldd #0
 004B 4A000000          xcall $_mic_setEnabled
 004F                   .dbline 58
 004F           ;     cam_add = cam_addx[0] + (cam_addx[1]<<8);  
 004F F60001            ldab _cam_addx+1
 0052 B714              tfr B,D
 0054 B710              tfr B,A
 0056 F60000            ldab _cam_addx
 0059 7C0000            std _cam_add
 005C 2008              bra L9
 005E           L8:
 005E                   .dbline 61
 005E           ;       
 005E           ;       while (1)
 005E           ;       {
 005E                   .dbline 62
 005E           ;           COP_Trig();
 005E 4A001E1E          xcall $_COP_Trig
 0062                   .dbline 63
 0062           ;           doevents ();
 0062 4A000000          xcall $_doevents
 0066                   .dbline 64
 0066           ;       }
 0066           L9:
 0066                   .dbline 60
 0066 20F6              bra L8
 0068           X0:
 0068                   .dbline -2
 0068           L6:
 0068                   .dbline 0 ; func end
 0068 3D                rts
 0069                   .dbend
                        .area extcode(paged)
 0000                   .dbfile C:\Dev\REV1~1.01\Camera.c
 0000                   .dbfunc e InitWatchdog _InitWatchdog fV
 0000           $_InitWatchdog::
 0000                   .dbline -1
 0000                   .dbline 70
 0000           ;        
 0000           ; }
 0000           ; 
 0000           ; //Hardware Watchdog 
 0000           ; void InitWatchdog(void)   
 0000           ; {
 0000                   .dbline 71
 0000           ;     PORTE |= HW_COP;
 0000 1C000840          bset 0x8,#64
 0004                   .dbline 72
 0004           ;       PORTE &= ~HW_COP;
 0004 1D000840          bclr 0x8,#64
 0008                   .dbline 73
 0008           ;       wdInit = 1;
 0008 180B010001        movb #1,_wdInit
 000D                   .dbline 74
 000D           ;       wd_flag = 1;
 000D 180B010000        movb #1,_wd_flag
 0012                   .dbline 75
 0012           ;       WD_Timer = HW_Watchdog_Time;
 0012 180301E80000      movw #488,_WD_Timer
 0018                   .dbline 76
 0018           ;       wdStarted = 1;
 0018 180B010002        movb #1,_wdStarted
 001D                   .dbline -2
 001D           L11:
 001D                   .dbline 0 ; func end
 001D 0A                rtc
 001E                   .dbend
 001E                   .dbfunc e COP_Trig _COP_Trig fV
 001E           $_COP_Trig::
 001E                   .dbline -1
 001E                   .dbline 80
 001E           ; }
 001E           ; 
 001E           ; void COP_Trig(void)  
 001E           ; {
 001E                   .dbline 81
 001E           ;    ARMCOP = 0x55;   //software wd   
 001E 180B55003F        movb #85,0x3f
 0023                   .dbline 82
 0023           ;    ARMCOP = 0xAA;
 0023 180BAA003F        movb #170,0x3f
 0028                   .dbline 84
 0028           ;       
 0028           ;    if(!WD_Timer)    //hardware wd  
 0028 FD0000            ldy _WD_Timer
 002B 8D0000            cpy #0
 002E 2610              bne L13
 0030                   .dbline 85
 0030           ;    {
 0030                   .dbline 86
 0030           ;        PORTE |= HW_COP;
 0030 1C000840          bset 0x8,#64
 0034                   .dbline 87
 0034           ;          PORTE &= ~HW_COP;
 0034 1D000840          bclr 0x8,#64
 0038                   .dbline 88
 0038           ;          WD_Timer = HW_Watchdog_Time;
 0038 180301E80000      movw #488,_WD_Timer
 003E                   .dbline 89
 003E           ;    }
 003E 2005              bra L14
 0040           L13:
 0040                   .dbline 91
 0040           ;    else
 0040           ;        wd_flag = 1;
 0040 180B010000        movb #1,_wd_flag
 0045           L14:
 0045                   .dbline -2
 0045           L12:
 0045                   .dbline 0 ; func end
 0045 0A                rtc
 0046                   .dbend
 0046                   .dbfunc e InitPorts _InitPorts fV
 0046           $_InitPorts::
 0046                   .dbline -1
 0046                   .dbline 98
 0046           ;    
 0046           ;   
 0046           ; }
 0046           ; 
 0046           ; 
 0046           ; void InitPorts ( void )
 0046           ; {
 0046                   .dbline 99
 0046           ;       DDRA = DDRA_Init;
 0046 180BF70002        movb #247,0x2
 004B                   .dbline 100
 004B           ;     DDRB = DDRB_Init;
 004B 790003            clr 0x3
 004E                   .dbline 101
 004E           ;       DDRE = DDRE_Init;
 004E 180B400009        movb #64,0x9
 0053                   .dbline 102
 0053           ;       DDRJ = DDRJ_Init;
 0053 79026A            clr 0x26a
 0056                   .dbline 103
 0056           ;     DDRM = DDRM_Init;
 0056 790252            clr 0x252
 0059                   .dbline 104
 0059           ;     DDRP = DDRP_Init;
 0059 79025A            clr 0x25a
 005C                   .dbline 105
 005C           ;     DDRS = DDRS_Init;
 005C 79024A            clr 0x24a
 005F                   .dbline 106
 005F           ;     DDRT = DDRT_Init;
 005F 790242            clr 0x242
 0062                   .dbline 108
 0062           ;       
 0062           ;     ATD0DIEN = ATD0DIEN_Init;
 0062 79008D            clr 0x8d
 0065                   .dbline 109
 0065           ;     ATD0CTL2 = ATD0CTL2_Init;
 0065 180B800082        movb #128,0x82
 006A                   .dbline 110
 006A           ;     ATD0CTL3 = ATD0CTL3_Init;
 006A 180B230083        movb #35,0x83
 006F                   .dbline 111
 006F           ;     ATD0CTL5 = ATD0CTL5_Init;
 006F 180B800085        movb #128,0x85
 0074                   .dbline 113
 0074           ;     
 0074           ;     PUCR = PUCR_Init;
 0074 180B91000C        movb #145,0xc
 0079                   .dbline 114
 0079           ;       PERM = PERM_Init;
 0079 790254            clr 0x254
 007C                   .dbline 115
 007C           ;     PPSM = PPSM_Init;
 007C 790255            clr 0x255
 007F                   .dbline 117
 007F           ;     
 007F           ;     PORTA = PORTA_Init;
 007F 790000            clr 0
 0082                   .dbline 118
 0082           ;     PORTB = PORTB_Init;
 0082 790001            clr 0x1
 0085                   .dbline 119
 0085           ;       PORTE = PORTE_Init;     
 0085 790008            clr 0x8
 0088                   .dbline 120
 0088           ;       PTJ = PTJ_Init;
 0088 790268            clr 0x268
 008B                   .dbline 121
 008B           ;     PTM = PTM_Init;
 008B 790250            clr 0x250
 008E                   .dbline 122
 008E           ;       PTP = PTP_Init;
 008E 790258            clr 0x258
 0091                   .dbline 123
 0091           ;       PTS = PTS_Init;
 0091 790248            clr 0x248
 0094                   .dbline 124
 0094           ;     PTT = PTT_Init;
 0094 790240            clr 0x240
 0097                   .dbline 126
 0097           ;       
 0097           ;       PPSJ = PPSJ_Init;                               //Port J pulldowns
 0097 79026D            clr 0x26d
 009A                   .dbline 128
 009A           ;       
 009A           ;       PERS = PERS_Init;                               //Port S pulldowns
 009A 180BFF024C        movb #255,0x24c
 009F                   .dbline 129
 009F           ;       WOMS = WOMS_Init;                               //Port S bit 3 (TXD1) Wired-OR
 009F 79024E            clr 0x24e
 00A2                   .dbline -2
 00A2           L15:
 00A2                   .dbline 0 ; func end
 00A2 0A                rtc
 00A3                   .dbend
 00A3                   .dbfunc e InitInterrupts _InitInterrupts fV
 00A3           $_InitInterrupts::
 00A3                   .dbline -1
 00A3                   .dbline 133
 00A3           ; }
 00A3           ; 
 00A3           ; void InitInterrupts ( void )
 00A3           ; {
 00A3                   .dbline 134
 00A3           ;       CRGINT = CRGINT_Init;                   //enable RTI
 00A3 180B800038        movb #128,0x38
 00A8                   .dbline 135
 00A8           ;       RTICTL = RTICTL_Init;
 00A8 180B40003B        movb #64,0x3b
 00AD                   .dbline 137
 00AD           ;     
 00AD           ;     PPSP = PPSP_Init;                         //rising edge
 00AD 79025D            clr 0x25d
 00B0                   .dbline 138
 00B0           ;     PIEP = PIEP_Init;                         //enable KW interrupts 
 00B0 180B18025E        movb #24,0x25e
 00B5                   .dbline 140
 00B5           ;     
 00B5           ;       TSCR1 = TSCR1_Init;                             //enable input capture
 00B5 180B800046        movb #128,0x46
 00BA                   .dbline 141
 00BA           ;     TIOS = TIOS_Init;                         //enable output compares
 00BA 180BE00040        movb #224,0x40
 00BF                   .dbline 142
 00BF           ;       TIE = TIE_Init;
 00BF 180BFF004C        movb #255,0x4c
 00C4                   .dbline 143
 00C4           ;       TSCR2 = TSCR2_Init;
 00C4 180B05004D        movb #5,0x4d
 00C9                   .dbline 144
 00C9           ;       TCTL3 = TCTL3_Init;
 00C9 180B01004A        movb #1,0x4a
 00CE                   .dbline 145
 00CE           ;       TCTL4 = TCTL4_Init;
 00CE 180B55004B        movb #85,0x4b
 00D3                   .dbline 147
 00D3           ; 
 00D3           ;       TIE |= TIE_C4I;
 00D3 1C004C10          bset 0x4c,#16
 00D7                   .dbline -2
 00D7           L16:
 00D7                   .dbline 0 ; func end
 00D7 0A                rtc
 00D8                   .dbend
 00D8                   .dbfunc e InitPLL _InitPLL fV
 00D8           $_InitPLL::
 00D8                   .dbline -1
 00D8                   .dbline 151
 00D8           ; }
 00D8           ; 
 00D8           ; void InitPLL ( void )
 00D8           ; {     
 00D8                   .dbline 152
 00D8           ;       REFDV = REFDV_Init;
 00D8 180B050035        movb #5,0x35
 00DD                   .dbline 153
 00DD           ;       SYNR = SYNR_Init;
 00DD 180B110034        movb #17,0x34
 00E2           L18:
 00E2                   .dbline 154
 00E2           ;       while ( !(CRGFLG & 0x08) );
 00E2           L19:
 00E2                   .dbline 154
 00E2 1F003708FB        brclr 0x37,#8,L18
 00E7                   .dbline 155
 00E7           ;       CLKSEL |= 0x80;
 00E7 1C003980          bset 0x39,#128
 00EB                   .dbline -2
 00EB           L17:
 00EB                   .dbline 0 ; func end
 00EB 0A                rtc
 00EC                   .dbend
 00EC                   .dbfunc e PWMInit _PWMInit fV
 00EC           $_PWMInit::
 00EC                   .dbline -1
 00EC                   .dbline 159
 00EC           ; }
 00EC           ; 
 00EC           ; void PWMInit ( void )
 00EC           ; {
 00EC                   .dbline 160
 00EC           ;       PWMPOL = PWMPOL_Init;
 00EC 180BFF00A1        movb #255,0xa1
 00F1                   .dbline 161
 00F1           ;     PWMCLK = PWMCLK_Init;
 00F1 180BFF00A2        movb #255,0xa2
 00F6                   .dbline 162
 00F6           ;     PWMPRCLK = PWMPRCLK_Init;
 00F6 180B1100A3        movb #17,0xa3
 00FB                   .dbline 164
 00FB           ;     
 00FB           ;     PWMPER0 = PWMPER0_Init;
 00FB 180B6400B4        movb #100,0xb4
 0100                   .dbline 165
 0100           ;     PWMPER1 = PWMPER1_Init;
 0100 180B6400B5        movb #100,0xb5
 0105                   .dbline 166
 0105           ;     PWMPER2 = PWMPER2_Init;
 0105 180B6400B6        movb #100,0xb6
 010A                   .dbline 167
 010A           ;     PWMPER3 = PWMPER3_Init;
 010A 180B6400B7        movb #100,0xb7
 010F                   .dbline 168
 010F           ;     PWMPER4 = PWMPER4_Init;
 010F 180B6400B8        movb #100,0xb8
 0114                   .dbline 169
 0114           ;     PWMPER5 = PWMPER5_Init;
 0114 180B6400B9        movb #100,0xb9
 0119                   .dbline 170
 0119           ;     PWMPER6 = PWMPER6_Init;
 0119 180B6400BA        movb #100,0xba
 011E                   .dbline 171
 011E           ;     PWMPER7 = PWMPER7_Init;
 011E 180B6400BB        movb #100,0xbb
 0123                   .dbline 173
 0123           ;     
 0123           ;     PWMDTY0 = PWMDTY0_Init;
 0123 7900BC            clr 0xbc
 0126                   .dbline 174
 0126           ;     PWMDTY1 = PWMDTY1_Init;
 0126 7900BD            clr 0xbd
 0129                   .dbline 175
 0129           ;     PWMDTY2 = PWMDTY2_Init;
 0129 7900BE            clr 0xbe
 012C                   .dbline 176
 012C           ;     PWMDTY3 = PWMDTY3_Init;
 012C 7900BF            clr 0xbf
 012F                   .dbline 177
 012F           ;     PWMDTY4 = PWMDTY4_Init;
 012F 7900C0            clr 0xc0
 0132                   .dbline 178
 0132           ;     PWMDTY5 = PWMDTY5_Init;
 0132 7900C1            clr 0xc1
 0135                   .dbline 179
 0135           ;     PWMDTY6 = PWMDTY6_Init;
 0135 7900C2            clr 0xc2
 0138                   .dbline 180
 0138           ;     PWMDTY7 = PWMDTY7_Init;
 0138 7900C3            clr 0xc3
 013B                   .dbline 182
 013B           ; 
 013B           ;     PWMSCLA = PWMSCLA_Init;
 013B 180B0300A8        movb #3,0xa8
 0140                   .dbline 183
 0140           ;     PWMSCLB = PWMSCLB_Init;
 0140 180B0300A9        movb #3,0xa9
 0145                   .dbline 184
 0145           ;     PWME = PWME_Init;
 0145 180B0300A0        movb #3,0xa0
 014A                   .dbline -2
 014A           L21:
 014A                   .dbline 0 ; func end
 014A 0A                rtc
 014B                   .dbend
 014B                   .dbfunc e AtoDInit _AtoDInit fV
 014B           $_AtoDInit::
 014B                   .dbline -1
 014B                   .dbline 188
 014B           ; }
 014B           ; 
 014B           ; void AtoDInit ( void )
 014B           ; {
 014B                   .dbline 189
 014B           ;     ATD0DIEN = ATD0DIEN_Init;          //Analog to Digital Registers
 014B 79008D            clr 0x8d
 014E                   .dbline 190
 014E           ;     ATD0CTL2 = ATD0CTL2_Init;
 014E 180B800082        movb #128,0x82
 0153                   .dbline 191
 0153           ;     ATD0CTL3 = ATD0CTL3_Init;
 0153 180B230083        movb #35,0x83
 0158                   .dbline 192
 0158           ;     ATD0CTL4 = ATD0CTL4_Init;
 0158 180B450084        movb #69,0x84
 015D                   .dbline 193
 015D           ;     ATD0CTL5 = ATD0CTL5_Init;
 015D 180B800085        movb #128,0x85
 0162                   .dbline -2
 0162           L22:
 0162                   .dbline 0 ; func end
 0162 0A                rtc
 0163                   .dbend
 0163                   .dbfunc e IICInit _IICInit fV
 0163           $_IICInit::
 0163                   .dbline -1
 0163                   .dbline 197
 0163           ; }    
 0163           ; 
 0163           ; void IICInit(void)
 0163           ; {
 0163                   .dbline 198
 0163           ;     IBAD=IBAD_Init;
 0163 180B0200E0        movb #2,0xe0
 0168                   .dbline 199
 0168           ;       IBFD=IBFD_Init;
 0168 180B8000E1        movb #128,0xe1
 016D                   .dbline 200
 016D           ;       IBCR=IBCR_Init;
 016D 180BC000E2        movb #192,0xe2
 0172                   .dbline -2
 0172           L23:
 0172                   .dbline 0 ; func end
 0172 0A                rtc
 0173                   .dbend
 0173                   .dbfunc e InitSCI _InitSCI fV
 0173           $_InitSCI::
 0173                   .dbline -1
 0173                   .dbline 204
 0173           ; }
 0173           ; 
 0173           ; void InitSCI ( void )
 0173           ; {
 0173                   .dbline 209
 0173           ;     //set the baud rate on serial port 0
 0173           ;     //baud rate = clock / 16 / SCI0BD = 24,000,000 / 16 / 156 = 9615
 0173           ;     //SCI0BD = 24 / 16 / 0.0096 = 156 refer to baud rate generation table in data sheet
 0173           ;       //SCI0BD = (unsigned char)(BusClk / 16 / .0576);
 0173           ;       SCI0BD = (unsigned char)(BusClk / 16 / 0.0096);
 0173 1803009C00C8      movw #156,0xc8
 0179                   .dbline 211
 0179           ;     
 0179           ;     SIN0Bufptr = 0;
 0179 180300000000      movw #0,_SIN0Bufptr
 017F                   .dbline 213
 017F           ; 
 017F           ;     SCI0CR2 = SCI0CR2_TE | SCI0CR2_RE;      //enable transmit and receive
 017F 180B0C00CB        movb #12,0xcb
 0184                   .dbline 214
 0184           ;     SCI0CR2 |=  SCI0CR2_RIE;                //enable Receiver Interrupt
 0184 1C00CB20          bset 0xcb,#32
 0188                   .dbline 220
 0188           ; 
 0188           ; 
 0188           ;     //set the baud rate on serial port 1
 0188           ;     //baud rate = clock / (16 x SCI1BD)
 0188           ;       //SCI1BD = (unsigned char)(BusClk / 16 / .0576);
 0188           ;     SCI1BD = (unsigned char)(BusClk / 16 / .1152);
 0188 1803000D00D0      movw #13,0xd0
 018E                   .dbline 221
 018E           ;     SCI1CR2 = SCI1CR2_TE | SCI1CR2_RE;
 018E 180B0C00D3        movb #12,0xd3
 0193                   .dbline 223
 0193           ;     
 0193           ;     SIN1Bufptr = 0;
 0193 180300000000      movw #0,_SIN1Bufptr
 0199                   .dbline 225
 0199           ; 
 0199           ;     SCI1CR2 |= SCI1CR2_RIE;
 0199 1C00D320          bset 0xd3,#32
 019D                   .dbline 227
 019D           ; 
 019D           ;     SOUT1Bufptr = 0;
 019D 180300000000      movw #0,_SOUT1Bufptr
 01A3                   .dbline 228
 01A3           ;     SOUT1Buf[0] = '\r';
 01A3 180B0D0000        movb #13,_SOUT1Buf
 01A8                   .dbline -2
 01A8           L24:
 01A8                   .dbline 0 ; func end
 01A8 0A                rtc
 01A9                   .dbend
 01A9                   .dbfunc e InitCANopen _InitCANopen fV
 01A9           $_InitCANopen::
 01A9                   .dbline -1
 01A9                   .dbline 232
 01A9           ; }
 01A9           ; 
 01A9           ; void InitCANopen ( void )
 01A9           ; {
 01A9                   .dbline 233
 01A9           ;       MCOUSER_ResetCommunication();
 01A9 4A000000          xcall $_MCOUSER_ResetCommunication
 01AD                   .dbline 234
 01AD           ;       INTR_ON();
 01AD 10EF              cli
 01AF                   .dbline 236
 01AF           ;       
 01AF           ;       Timer1 = RTI_One_Sec;
 01AF 180303D00000      movw #976,_Timer1
 01B5           L26:
 01B5                   .dbline 238
 01B5           ;       
 01B5           ;       while (!(CANCTL0 & 0x10) && Timer1);
 01B5           L27:
 01B5                   .dbline 238
 01B5 F60140            ldab 0x140
 01B8 C510              bitb #16
 01BA 2608              bne L29
 01BC FD0000            ldy _Timer1
 01BF 8D0000            cpy #0
 01C2 26F1              bne L26
 01C4           L29:
 01C4                   .dbline -2
 01C4           L25:
 01C4                   .dbline 0 ; func end
 01C4 0A                rtc
 01C5                   .dbend
 01C5                   .dbfunc e InitSPI _InitSPI fV
 01C5           $_InitSPI::
 01C5                   .dbline -1
 01C5                   .dbline 242
 01C5           ; }
 01C5           ; 
 01C5           ; void InitSPI ( void )
 01C5           ; {
 01C5                   .dbline 243
 01C5           ;     MODRR = MODRR_Init;
 01C5 180B100257        movb #16,0x257
 01CA                   .dbline 244
 01CA           ;     SPI0CR1 = SPI0CR1_Init;
 01CA 180BD400D8        movb #212,0xd8
 01CF                   .dbline 245
 01CF           ;     SPI0CR2 = SPI0CR2_Init;
 01CF 7900D9            clr 0xd9
 01D2                   .dbline 246
 01D2           ;     SPI0BR = SPI0BR_Init;
 01D2 7900DA            clr 0xda
 01D5                   .dbline -2
 01D5           L30:
 01D5                   .dbline 0 ; func end
 01D5 0A                rtc
 01D6                   .dbend
 01D6                   .dbfunc e ResetProc _ResetProc fI
 01D6           $_ResetProc::
 01D6                   .dbline -1
 01D6                   .dbline 250
 01D6           ; }
 01D6           ; 
 01D6           ; int ResetProc ( void )
 01D6           ; {
 01D6                   .dbline 251
 01D6           ;     SetCameraDefaults();
 01D6 4A000000          xcall $_SetCameraDefaults
 01DA                   .dbline 252
 01DA           ;     COPCTL = 0x01;                            //enable COP 
 01DA 180B01003C        movb #1,0x3c
 01DF           L32:
 01DF                   .dbline 253
 01DF           ;       while (1);                                      //wait for reset
 01DF           L33:
 01DF                   .dbline 253
 01DF 20FE              bra L32
 01E1           X1:
 01E1                   .dbline -2
 01E1           L31:
 01E1                   .dbline 0 ; func end
 01E1 0A                rtc
 01E2                   .dbend
                        .area text
 0069                   .dbfile C:\Dev\REV1~1.01\Camera.c
 0069                   .dbfunc e putchar _putchar$device_specific$ fI
 0069           ;              c -> 3,SP
 0069           _putchar$device_specific$::
 0069 3B                pshd
 006A 1B9E              leas -2,S
 006C                   .dbline -1
 006C                   .dbline 258
 006C           ;       return 0;
 006C           ; }
 006C           ; 
 006C           ; //called by printf (#include <stdio.h>)
 006C           ; int putchar(char c){
 006C                   .dbline 259
 006C           ;       ch[0] = c;
 006C 180D830000        movb 3,S,_ch
 0071                   .dbline 260
 0071           ;       ch[1] = 0;
 0071 790001            clr _ch+1
 0074                   .dbline 261
 0074           ;     sout(0, ch);
 0074 CD0000            ldy #_ch
 0077 6D80              sty 0,S
 0079 CC0000            ldd #0
 007C 4A000000          xcall $_sout
 0080                   .dbline 262
 0080           ;     return c;
 0080 E683              ldab 3,S
 0082 87                clra
 0083                   .dbline -2
 0083           L35:
 0083                   .dbline 0 ; func end
 0083 1B84              leas 4,S
 0085 3D                rts
 0086                   .dbsym l c 3 c
 0086                   .dbend
                        .area bss
 0000                   .dbfile C:\Dev\REV1~1.01\Camera.c
 0000           _ch::
 0000                   .blkb 2
 0002                   .dbsym e ch _ch A[2:2]c
