                        .module DAC101S101.c
                        .area text
 0000                   .dbfile ..\REV1~1.01\DAC101S101.c
                        .area data
 0000                   .dbfile ..\REV1~1.01\DAC101S101.c
 0000           _DAC101_CS_pin::
 0000                   .blkb 1
                        .area idata
 0000 08                .byte 8
                        .area data
 0001                   .dbfile ..\REV1~1.01\DAC101S101.c
 0001                   .dbfile C:\Dev\REV1~1.01\DAC101S101.c
 0001                   .dbsym e DAC101_CS_pin _DAC101_CS_pin c
                        .area extcode(paged)
 0000                   .dbfile C:\Dev\REV1~1.01\DAC101S101.c
 0000                   .dbfunc e setDACvoltage _setDACvoltage fV
 0000           ;         lobyte -> 2,SP
 0000           ;           d_in -> 3,SP
 0000           ;         hibyte -> 5,SP
 0000           ;        voltage -> 9,SP
 0000           $_setDACvoltage::
 0000 1B9A              leas -6,S
 0002                   .dbline -1
 0002                   .dbline 11
 0002           ; #include "DAC101S101.h"
 0002           ; #include "I2C_SPI.h"
 0002           ; 
 0002           ; 
 0002           ; 
 0002           ; char DAC101_CS_pin = 0x08;      //chip select pin on uP
 0002           ; 
 0002           ; 
 0002           ; 
 0002           ; void setDACvoltage(float voltage)  
 0002           ; {
 0002                   .dbline 13
 0002           ;     int d_in;
 0002           ;       char hibyte = 0, lobyte = 0;
 0002 6985              clr 5,S
 0004                   .dbline 13
 0004 6982              clr 2,S
 0006                   .dbline 15
 0006           ;       
 0006           ;     d_in = (voltage * 1024.0)/5.0;
 0006 1800AE0000        movw #0,2,-S
 000B 1800AE4480        movw #17536,2,-S
 0010 EC8F              ldd 15,S
 0012 3B                pshd
 0013 EC8F              ldd 15,S
 0015 3B                pshd
 0016 160000            jsr mulf4
 0019 1800AE0000        movw #0,2,-S
 001E 1800AE40A0        movw #16544,2,-S
 0023 160000            jsr divf4
 0026 160000            jsr fp2int
 0029 6C83              std 3,S
 002B                   .dbline 16
 002B           ;       if (d_in > 1024)
 002B 8C0400            cpd #1024
 002E 2F05              ble L2
 0030                   .dbline 17
 0030           ;           d_in = 1024;
 0030 1800830400        movw #1024,3,S
 0035           L2:
 0035                   .dbline 19
 0035           ;       
 0035           ;     lobyte = d_in << 2;
 0035 EC83              ldd 3,S
 0037 59                lsld
 0038 59                lsld
 0039 6B82              stab 2,S
 003B                   .dbline 20
 003B           ;       hibyte = d_in >> 6;
 003B CE0006            ldx #6
 003E EC83              ldd 3,S
 0040 160000            jsr asr16
 0043 6B85              stab 5,S
 0045                   .dbline 23
 0045           ;       
 0045           ;       //sets DAC in normal operation mode
 0045           ;       hibyte &= ~0x10;  
 0045 0D8510            bclr 5,S,#16
 0048                   .dbline 24
 0048           ;       hibyte &= ~0x20;
 0048 0D8520            bclr 5,S,#32
 004B                   .dbline 26
 004B           ; 
 004B           ;     DAC101_byte_write(hibyte, lobyte);
 004B E682              ldab 2,S
 004D 87                clra
 004E B746              tfr D,Y
 0050 6D80              sty 0,S
 0052 E685              ldab 5,S
 0054 87                clra
 0055 4A005C5C          xcall $_DAC101_byte_write
 0059                   .dbline -2
 0059           L1:
 0059                   .dbline 0 ; func end
 0059 1B86              leas 6,S
 005B 0A                rtc
 005C                   .dbsym l lobyte 2 c
 005C                   .dbsym l d_in 3 I
 005C                   .dbsym l hibyte 5 c
 005C                   .dbsym l voltage 9 D
 005C                   .dbend
 005C                   .dbfunc e DAC101_byte_write _DAC101_byte_write fV
 005C           ;         lobyte -> 10,SP
 005C           ;         hibyte -> 5,SP
 005C           $_DAC101_byte_write::
 005C 3B                pshd
 005D 1B9C              leas -4,S
 005F                   .dbline -1
 005F                   .dbline 32
 005F           ; }
 005F           ; 
 005F           ; 
 005F           ; 
 005F           ; void DAC101_byte_write(char hibyte, char lobyte)
 005F           ; {
 005F                   .dbline 33
 005F           ;     SPI_byte_write(DAC101_CS_pin, hibyte, lobyte);
 005F E68A              ldab 10,S
 0061 87                clra
 0062 B746              tfr D,Y
 0064 6D82              sty 2,S
 0066 E685              ldab 5,S
 0068 87                clra
 0069 B746              tfr D,Y
 006B 6D80              sty 0,S
 006D F60000            ldab _DAC101_CS_pin
 0070 87                clra
 0071 4A000000          xcall $_SPI_byte_write
 0075                   .dbline -2
 0075           L4:
 0075                   .dbline 0 ; func end
 0075 1B86              leas 6,S
 0077 0A                rtc
 0078                   .dbsym l lobyte 10 c
 0078                   .dbsym l hibyte 5 c
 0078                   .dbend
