                        .module EEProm.c
                        .area text
 0000                   .dbfile ..\REV1~1.01\EEProm.c
                        .area extcode(paged)
 0000                   .dbfile ..\REV1~1.01\EEProm.c
 0000                   .dbfile C:\Dev\REV1~1.01\EEProm.c
 0000                   .dbfunc e EEInit _EEInit fV
 0000           $_EEInit::
 0000                   .dbline -1
 0000                   .dbline 9
 0000           ; #include "EEProm.h"
 0000           ; #include "mc9s12a128.h"
 0000           ; #include "Subroutines.h"
 0000           ; #include "Camera.h"
 0000           ; 
 0000           ; 
 0000           ; 
 0000           ; void EEInit ( void )
 0000           ; {
 0000                   .dbline 10
 0000           ;        ECLKDIV = (char)(OscClk * (5 + Tbus));
 0000 180B280110        movb #40,0x110
 0005                   .dbline 11
 0005           ;        INITEE = INITEE_Init;
 0005 180B090012        movb #9,0x12
 000A                   .dbline -2
 000A           L2:
 000A                   .dbline 0 ; func end
 000A 0A                rtc
 000B                   .dbend
 000B                   .dbfunc e EEWrite _EEWrite fV
 000B           ;       tempAddr -> 4,SP
 000B           ;        TmpData -> 6,SP
 000B           ;      tempArray -> 8,SP
 000B           ;              j -> 136,SP
 000B           ;              i -> 138,SP
 000B           ;      WriteAddr -> 147,SP
 000B           ;      WriteData -> 145,SP
 000B           ;      ArraySize -> 140,SP
 000B           $_EEWrite::
 000B 3B                pshd
 000C 1BF174            leas -140,S
 000F                   .dbline -1
 000F                   .dbline 18
 000F           ; }
 000F           ; 
 000F           ; 
 000F           ; 
 000F           ; 
 000F           ; void EEWrite ( int ArraySize, char WriteData[], int *WriteAddr )
 000F           ; {
 000F                   .dbline 30
 000F           ;        //Erases and Writes an array of up to 128 char to EEPROM
 000F           ;        
 000F           ;        int i, j, TmpData;
 000F           ;        char *tempAddr;
 000F           ;        char tempArray[128];
 000F           ;        
 000F           ;      
 000F           ;        
 000F           ;        //Add up to 3 more data bytes to beginning of array
 000F           ;        //Addr must be divisible by 4 for erase operation
 000F           ;        
 000F           ;        tempAddr = (char*)WriteAddr;
 000F 19F093            leay 147,S
 0012 18024084          movw 0,y,4,S
 0016                   .dbline 31
 0016           ;      tempAddr = (char*)((int)tempAddr & ~0x03);
 0016 EC84              ldd 4,S
 0018 84FF              anda #-1
 001A C4FC              andb #-4
 001C 6C84              std 4,S
 001E                   .dbline 33
 001E           ;        
 001E           ;        j = 0;
 001E 19F088            leay 136,S
 0021 1800400000        movw #0,0,y
 0026                   .dbline 34
 0026           ;        if ( (int)WriteAddr != (int)tempAddr )
 0026 EDF093            ldy 147,S
 0029 AD84              cpy 4,S
 002B 272E              beq L4
 002D                   .dbline 35
 002D           ;        {
 002D                   .dbline 36
 002D           ;               for ( j=0;(int)tempAddr != (int)WriteAddr;tempAddr++, j++)
 002D 1AF088            leax 136,S
 0030 1800000000        movw #0,0,x
 0035 201D              bra L9
 0037           L6:
 0037                   .dbline 37
 0037           ;               {
 0037                   .dbline 38
 0037           ;                       tempArray[j] = *tempAddr;
 0037 ECF088            ldd 136,S
 003A 1988              leay 8,S
 003C 6D80              sty 0,S
 003E E380              addd 0,S
 0040 B746              tfr D,Y
 0042 E6F30004          ldab [4,S]
 0046 6B40              stab 0,Y
 0048                   .dbline 39
 0048           ;               }       
 0048           L7:
 0048                   .dbline 36
 0048 ED84              ldy 4,S
 004A 02                iny
 004B 6D84              sty 4,S
 004D EDF088            ldy 136,S
 0050 02                iny
 0051 6DF088            sty 136,S
 0054           L9:
 0054                   .dbline 36
 0054 ED84              ldy 4,S
 0056 ADF093            cpy 147,S
 0059 26DC              bne L6
 005B                   .dbline 40
 005B           ;        } 
 005B           L4:
 005B                   .dbline 44
 005B           ; 
 005B           ;        //transfer the rest of the data to tempArray
 005B           ; 
 005B           ;      for (i=0 ;i < ArraySize;i++, j++)
 005B 1AF08A            leax 138,S
 005E 1800000000        movw #0,0,x
 0063 2025              bra L13
 0065           L10:
 0065                   .dbline 45
 0065           ;      {
 0065                   .dbline 46
 0065           ;         tempArray[j] = WriteData[i];
 0065 ECF088            ldd 136,S
 0068 1988              leay 8,S
 006A 6D80              sty 0,S
 006C E380              addd 0,S
 006E B746              tfr D,Y
 0070 ECF08A            ldd 138,S
 0073 E3F091            addd 145,S
 0076 B745              tfr D,X
 0078 E600              ldab 0,X
 007A 6B40              stab 0,Y
 007C                   .dbline 47
 007C           ;      }
 007C           L11:
 007C                   .dbline 44
 007C EDF08A            ldy 138,S
 007F 02                iny
 0080 6DF08A            sty 138,S
 0083 EDF088            ldy 136,S
 0086 02                iny
 0087 6DF088            sty 136,S
 008A           L13:
 008A                   .dbline 44
 008A EDF08A            ldy 138,S
 008D ADF08C            cpy 140,S
 0090 2DD3              blt L10
 0092                   .dbline 51
 0092           ; 
 0092           ;        //pad end of array to make divisible by 4
 0092           ; 
 0092           ;      if ( (j & 0x03) )
 0092 ECF088            ldd 136,S
 0095 8400              anda #0
 0097 C403              andb #3
 0099 8C0000            cpd #0
 009C 273A              beq L14
 009E                   .dbline 52
 009E           ;      {
 009E                   .dbline 53
 009E           ;               tempAddr = (char*)WriteAddr;
 009E 1AF093            leax 147,S
 00A1 18020084          movw 0,x,4,S
 00A5                   .dbline 54
 00A5           ;       tempAddr = (char*)((int)tempAddr & ~0x03);
 00A5 EC84              ldd 4,S
 00A7 84FF              anda #-1
 00A9 C4FC              andb #-4
 00AB 6C84              std 4,S
 00AD                   .dbline 55
 00AD           ;               for ( ;j & 0x3;j++ )
 00AD 201D              bra L19
 00AF           L16:
 00AF                   .dbline 56
 00AF           ;               {
 00AF                   .dbline 57
 00AF           ;               tempArray[j] = *(tempAddr + j);
 00AF ECF088            ldd 136,S
 00B2 1988              leay 8,S
 00B4 6D80              sty 0,S
 00B6 E380              addd 0,S
 00B8 B746              tfr D,Y
 00BA ECF088            ldd 136,S
 00BD E384              addd 4,S
 00BF B745              tfr D,X
 00C1 E600              ldab 0,X
 00C3 6B40              stab 0,Y
 00C5                   .dbline 58
 00C5           ;               }
 00C5           L17:
 00C5                   .dbline 55
 00C5 EDF088            ldy 136,S
 00C8 02                iny
 00C9 6DF088            sty 136,S
 00CC           L19:
 00CC                   .dbline 55
 00CC ECF088            ldd 136,S
 00CF 8400              anda #0
 00D1 C403              andb #3
 00D3 8C0000            cpd #0
 00D6 26D7              bne L16
 00D8                   .dbline 59
 00D8           ;      }
 00D8           L14:
 00D8                   .dbline 64
 00D8           ; 
 00D8           ;        
 00D8           ;        //Erase EEprom
 00D8           ;        
 00D8           ;        tempAddr = (char*)WriteAddr;
 00D8 1AF093            leax 147,S
 00DB 18020084          movw 0,x,4,S
 00DF                   .dbline 65
 00DF           ;        WriteAddr = (int*)((int)WriteAddr & ~0x03);
 00DF ECF093            ldd 147,S
 00E2 84FF              anda #-1
 00E4 C4FC              andb #-4
 00E6 6CF093            std 147,S
 00E9                   .dbline 67
 00E9           ; 
 00E9           ;      for (i=0; i<j; i += 4, WriteAddr +=2 )
 00E9 1AF08A            leax 138,S
 00EC 1800000000        movw #0,0,x
 00F1 202C              bra L23
 00F3           L20:
 00F3                   .dbline 68
 00F3           ;      {
 00F3                   .dbline 69
 00F3           ;                *WriteAddr = TmpData;
 00F3 ED86              ldy 6,S
 00F5 EEF093            ldx 147,S
 00F8 6D00              sty 0,X
 00FA                   .dbline 70
 00FA           ;                ECMD = SecErase;
 00FA 180B400116        movb #64,0x116
 00FF                   .dbline 71
 00FF           ;                ESTAT = ESTAT_CBEIF;
 00FF 180B800115        movb #128,0x115
 0104           L24:
 0104                   .dbline 72
 0104           ;                while (!(ESTAT & ESTAT_CBEIF) );
 0104           L25:
 0104                   .dbline 72
 0104 1F011580FB        brclr 0x115,#128,L24
 0109                   .dbline 73
 0109           ;            COP_Trig();
 0109 4A000000          xcall $_COP_Trig
 010D                   .dbline 74
 010D           ;        }
 010D           L21:
 010D                   .dbline 67
 010D ECF08A            ldd 138,S
 0110 C30004            addd #4
 0113 6CF08A            std 138,S
 0116 ECF093            ldd 147,S
 0119 C30004            addd #4
 011C 6CF093            std 147,S
 011F           L23:
 011F                   .dbline 67
 011F EDF08A            ldy 138,S
 0122 ADF088            cpy 136,S
 0125 2DCC              blt L20
 0127                   .dbline 79
 0127           ;        
 0127           ; 
 0127           ;        //Write to EEPROM
 0127           ;        
 0127           ;        WriteAddr = (int*)tempAddr;     
 0127 1AF093            leax 147,S
 012A 18028400          movw 4,S,0,x
 012E                   .dbline 80
 012E           ;        WriteAddr = (int*)((int)WriteAddr & ~0x03);
 012E ECF093            ldd 147,S
 0131 84FF              anda #-1
 0133 C4FC              andb #-4
 0135 6CF093            std 147,S
 0138                   .dbline 82
 0138           ; 
 0138           ;      for (i=0;i<j;i+=2, WriteAddr++)
 0138 1AF08A            leax 138,S
 013B 1800000000        movw #0,0,x
 0140 1820005A          lbra L30
 0144           L27:
 0144                   .dbline 83
 0144           ;      {
 0144                   .dbline 84
 0144           ;                TmpData = tempArray[i]*256 + tempArray[i+1];
 0144 ECF08A            ldd 138,S
 0147 1988              leay 8,S
 0149 6D80              sty 0,S
 014B E380              addd 0,S
 014D B746              tfr D,Y
 014F E640              ldab 0,Y
 0151 87                clra
 0152 B746              tfr D,Y
 0154 CC0100            ldd #256
 0157 13                emul
 0158 6C82              std 2,S
 015A ECF08A            ldd 138,S
 015D 1A89              leax 9,S
 015F 6E80              stx 0,S
 0161 E380              addd 0,S
 0163 B746              tfr D,Y
 0165 E640              ldab 0,Y
 0167 87                clra
 0168 B746              tfr D,Y
 016A EC82              ldd 2,S
 016C 6D80              sty 0,S
 016E E380              addd 0,S
 0170 6C86              std 6,S
 0172                   .dbline 85
 0172           ;                *WriteAddr = TmpData;
 0172 B746              tfr D,Y
 0174 EEF093            ldx 147,S
 0177 6D00              sty 0,X
 0179                   .dbline 86
 0179           ;                ECMD = WordPrg;
 0179 180B200116        movb #32,0x116
 017E                   .dbline 87
 017E           ;                ESTAT = ESTAT_CBEIF;
 017E 180B800115        movb #128,0x115
 0183           L32:
 0183                   .dbline 88
 0183           ;                while (!(ESTAT & ESTAT_CBEIF) );
 0183           L33:
 0183                   .dbline 88
 0183 1F011580FB        brclr 0x115,#128,L32
 0188                   .dbline 89
 0188           ;            COP_Trig();
 0188 4A000000          xcall $_COP_Trig
 018C                   .dbline 90
 018C           ;      }
 018C           L28:
 018C                   .dbline 82
 018C ECF08A            ldd 138,S
 018F C30002            addd #2
 0192 6CF08A            std 138,S
 0195 ECF093            ldd 147,S
 0198 C30002            addd #2
 019B 6CF093            std 147,S
 019E           L30:
 019E                   .dbline 82
 019E EDF08A            ldy 138,S
 01A1 ADF088            cpy 136,S
 01A4 182DFF9C          lblt L27
 01A8                   .dbline -2
 01A8           L3:
 01A8                   .dbline 0 ; func end
 01A8 1BF08E            leas 142,S
 01AB 0A                rtc
 01AC                   .dbsym l tempAddr 4 pc
 01AC                   .dbsym l TmpData 6 I
 01AC                   .dbsym l tempArray 8 A[128:128]c
 01AC                   .dbsym l j 136 I
 01AC                   .dbsym l i 138 I
 01AC                   .dbsym l WriteAddr 147 pI
 01AC                   .dbsym l WriteData 145 pc
 01AC                   .dbsym l ArraySize 140 I
 01AC                   .dbend
