                        .module I2C_SPI.c
                        .area text
 0000                   .dbfile ..\REV1~1.01\I2C_SPI.c
                        .area data
 0000                   .dbfile ..\REV1~1.01\I2C_SPI.c
 0000           _IIC_failed::
 0000                   .blkb 1
                        .area idata
 0000 00                .byte 0
                        .area data
 0001                   .dbfile ..\REV1~1.01\I2C_SPI.c
 0001                   .dbfile C:\Dev\REV1~1.01\I2C_SPI.c
 0001                   .dbsym e IIC_failed _IIC_failed c
 0001           _firstWriteSPI::
 0001                   .blkb 1
                        .area idata
 0001 01                .byte 1
                        .area data
 0002                   .dbfile C:\Dev\REV1~1.01\I2C_SPI.c
 0002                   .dbsym e firstWriteSPI _firstWriteSPI c
                        .area extcode(paged)
 0000                   .dbfile C:\Dev\REV1~1.01\I2C_SPI.c
 0000                   .dbfunc e I2C_byte_write _I2C_byte_write fV
 0000           ;            val -> 10,SP
 0000           ;            reg -> 8,SP
 0000           ;           addr -> 3,SP
 0000           $_I2C_byte_write::
 0000 3B                pshd
 0001 1B9E              leas -2,S
 0003                   .dbline -1
 0003                   .dbline 36
 0003           ; #include <stdio.h>
 0003           ; #include <string.h>
 0003           ; #include <stdlib.h>
 0003           ; 
 0003           ; #include "I2C_SPI.h"
 0003           ; #include "Subroutines.h"
 0003           ; #include "Interrupts.h"
 0003           ; #include "mc9s12a128.h"
 0003           ; #include "Camera.h"
 0003           ; 
 0003           ; 
 0003           ; 
 0003           ; extern unsigned int I2C_Timer;
 0003           ; extern char IICInBufptr;
 0003           ; extern char IICOutBufptr;
 0003           ; extern unsigned char IIC_slave_read;
 0003           ; extern unsigned char IIC_restart;
 0003           ; extern unsigned char IIC_num_TXbytes;
 0003           ; extern unsigned char IIC_num_RXbytes;
 0003           ; extern char IICInBuf[IICInBufLen];
 0003           ; extern char IICOutBuf[IICOutBufLen];
 0003           ; extern unsigned char IIC_done;
 0003           ; extern unsigned int TestTimer;
 0003           ; 
 0003           ; extern char SPI0InBuf[3];
 0003           ; extern int SPI0InBufptr;
 0003           ; extern char SPI0OutBuf[3];
 0003           ; extern int SPI0OutBufptr;
 0003           ; 
 0003           ; char IIC_addr;
 0003           ; bool IIC_failed = false;
 0003           ; bool firstWriteSPI = true;
 0003           ; 
 0003           ; 
 0003           ; void I2C_byte_write(char addr, char reg, char val)
 0003           ; {
 0003                   .dbline 37
 0003           ;     if(!(IBSR & IBSR_IBB))    //IIC bus not busy
 0003 F600E3            ldab 0xe3
 0006 C520              bitb #32
 0008 1826006F          lbne L3
 000C                   .dbline 38
 000C           ;       {
 000C                   .dbline 39
 000C           ;         IIC_addr = addr;
 000C 180D830000        movb 3,S,_IIC_addr
 0011                   .dbline 41
 0011           ;     
 0011           ;         IICInBufptr = 0;
 0011 790000            clr _IICInBufptr
 0014                   .dbline 42
 0014           ;       IICOutBufptr = 0;
 0014 790000            clr _IICOutBufptr
 0017                   .dbline 43
 0017           ;       IIC_slave_read = 0;
 0017 790000            clr _IIC_slave_read
 001A                   .dbline 45
 001A           ;       
 001A           ;       IIC_num_TXbytes = 3;
 001A 180B030000        movb #3,_IIC_num_TXbytes
 001F                   .dbline 46
 001F           ;       IIC_num_RXbytes = 0;
 001F 790000            clr _IIC_num_RXbytes
 0022                   .dbline 48
 0022           ;       
 0022           ;       IICOutBuf[0] = reg;                           
 0022 180D880000        movb 8,S,_IICOutBuf
 0027                   .dbline 49
 0027           ;       IICOutBuf[1] = val;              
 0027 180D8A0001        movb 10,S,_IICOutBuf+1
 002C                   .dbline 51
 002C           ;       
 002C           ;       IBCR |= IBCR_MSSL + IBCR_TXRX;      
 002C 1C00E230          bset 0xe2,#48
 0030                   .dbline 52
 0030           ;       IBDR = IIC_addr;               
 0030 180C000000E4      movb _IIC_addr,0xe4
 0036                   .dbline 54
 0036           ;       
 0036           ;       I2C_Timer = RTI_One_Sec * 0.5;
 0036 180301E80000      movw #488,_I2C_Timer
 003C 2018              bra L7
 003E           L6:
 003E                   .dbline 56
 003E           ;       while(!IIC_done)
 003E           ;       {
 003E                   .dbline 57
 003E           ;          if(!I2C_Timer)
 003E FD0000            ldy _I2C_Timer
 0041 8D0000            cpy #0
 0044 2610              bne L9
 0046                   .dbline 58
 0046           ;          {
 0046                   .dbline 59
 0046           ;             IIC_failed = true;
 0046 180B010000        movb #1,_IIC_failed
 004B                   .dbline 60
 004B           ;                         printf("IIC byte write failed \r");
 004B CD0077            ldy #L11
 004E 6D80              sty 0,S
 0050 4A000000          xcall $_printf
 0054                   .dbline 61
 0054           ;             break; 
 0054 2007              bra L8
 0056           L9:
 0056                   .dbline 63
 0056           ;          }        
 0056           ;       }
 0056           L7:
 0056                   .dbline 55
 0056 F60000            ldab _IIC_done
 0059 C100              cmpb #0
 005B 27E1              beq L6
 005D           L8:
 005D                   .dbline 65
 005D           ;     
 005D           ;       IIC_done = 0; 
 005D 790000            clr _IIC_done
 0060                   .dbline 67
 0060           ;       
 0060           ;       if(!IIC_failed)
 0060 F60000            ldab _IIC_failed
 0063 C100              cmpb #0
 0065 260E              bne L12
 0067                   .dbline 68
 0067           ;       {
 0067                   .dbline 69
 0067           ;           I2C_Timer = RTI_One_Sec * 0.002;      
 0067 180300010000      movw #1,_I2C_Timer
 006D           L14:
 006D                   .dbline 70
 006D           ;           while(I2C_Timer);
 006D           L15:
 006D                   .dbline 70
 006D FD0000            ldy _I2C_Timer
 0070 8D0000            cpy #0
 0073 26F8              bne L14
 0075                   .dbline 71
 0075           ;       }
 0075           L12:
 0075                   .dbline 73
 0075           ;       
 0075           ;       COP_Trig();
 0075 4A000000          xcall $_COP_Trig
 0079                   .dbline 74
 0079           ;       }
 0079 2009              bra L4
 007B           L3:
 007B                   .dbline 76
 007B           ;       else
 007B           ;       {
 007B                   .dbline 77
 007B           ;           printf("Cannot write. Bus Busy.\r");
 007B CD005E            ldy #L17
 007E 6D80              sty 0,S
 0080 4A000000          xcall $_printf
 0084                   .dbline 78
 0084           ;       }       
 0084           L4:
 0084                   .dbline -2
 0084           L2:
 0084                   .dbline 0 ; func end
 0084 1B84              leas 4,S
 0086 0A                rtc
 0087                   .dbsym l val 10 c
 0087                   .dbsym l reg 8 c
 0087                   .dbsym l addr 3 c
 0087                   .dbend
 0087                   .dbfunc e I2C_byte_read _I2C_byte_read fc
 0087           ;            reg -> 8,SP
 0087           ;           addr -> 3,SP
 0087           $_I2C_byte_read::
 0087 3B                pshd
 0088 1B9E              leas -2,S
 008A                   .dbline -1
 008A                   .dbline 82
 008A           ; }
 008A           ; 
 008A           ; char I2C_byte_read(char addr, char reg)            
 008A           ; {
 008A                   .dbline 83
 008A           ;     IIC_addr = addr;
 008A 180D830000        movb 3,S,_IIC_addr
 008F                   .dbline 85
 008F           ; 
 008F           ;       if(!(IBSR & IBSR_IBB))    //IIC bus not busy
 008F F600E3            ldab 0xe3
 0092 C520              bitb #32
 0094 1826007A          lbne L19
 0098                   .dbline 86
 0098           ;       {
 0098                   .dbline 87
 0098           ;         IICInBufptr = 0;
 0098 790000            clr _IICInBufptr
 009B                   .dbline 88
 009B           ;       IICOutBufptr = 0;
 009B 790000            clr _IICOutBufptr
 009E                   .dbline 89
 009E           ;       IIC_slave_read = 1;
 009E 180B010000        movb #1,_IIC_slave_read
 00A3                   .dbline 90
 00A3           ;         IIC_restart = 1;
 00A3 180B010000        movb #1,_IIC_restart
 00A8                   .dbline 92
 00A8           ;     
 00A8           ;       IIC_num_TXbytes = 2;           
 00A8 180B020000        movb #2,_IIC_num_TXbytes
 00AD                   .dbline 93
 00AD           ;       IIC_num_RXbytes = 1;    //num_bytes
 00AD 180B010000        movb #1,_IIC_num_RXbytes
 00B2                   .dbline 95
 00B2           ;       
 00B2           ;       IICOutBuf[0] = reg;  //2nd                          
 00B2 180D880000        movb 8,S,_IICOutBuf
 00B7                   .dbline 96
 00B7           ;       IICOutBuf[1] = IIC_addr | 0x01; //3rd                //slave addr with read bit set    
 00B7 F60000            ldab _IIC_addr
 00BA CA01              orab #1
 00BC 7B0001            stab _IICOutBuf+1
 00BF                   .dbline 98
 00BF           ;       
 00BF           ;       IBCR |= IBCR_MSSL + IBCR_TXRX;                       //MSSL generates START signal on bus, TXRX is set to Transmit mode
 00BF 1C00E230          bset 0xe2,#48
 00C3                   .dbline 99
 00C3           ;       IBDR = IIC_addr;    //1st                            //calls I2C address, w/write bit set; this initiates a data transfer and triggers the IIC Interrupt
 00C3 180C000000E4      movb _IIC_addr,0xe4
 00C9                   .dbline 101
 00C9           ;       
 00C9           ;       I2C_Timer = RTI_One_Sec * 0.5;
 00C9 180301E80000      movw #488,_I2C_Timer
 00CF 2018              bra L23
 00D1           L22:
 00D1                   .dbline 103
 00D1           ;       while(!IIC_done)
 00D1           ;       {
 00D1                   .dbline 104
 00D1           ;          if(!I2C_Timer)
 00D1 FD0000            ldy _I2C_Timer
 00D4 8D0000            cpy #0
 00D7 2610              bne L25
 00D9                   .dbline 105
 00D9           ;          {
 00D9                   .dbline 106
 00D9           ;             IIC_failed = true;
 00D9 180B010000        movb #1,_IIC_failed
 00DE                   .dbline 107
 00DE           ;                         printf("IIC byte read failed \r");
 00DE CD0047            ldy #L27
 00E1 6D80              sty 0,S
 00E3 4A000000          xcall $_printf
 00E7                   .dbline 108
 00E7           ;             break; 
 00E7 2007              bra L24
 00E9           L25:
 00E9                   .dbline 110
 00E9           ;          }        
 00E9           ;       }
 00E9           L23:
 00E9                   .dbline 102
 00E9 F60000            ldab _IIC_done
 00EC C100              cmpb #0
 00EE 27E1              beq L22
 00F0           L24:
 00F0                   .dbline 111
 00F0           ;       IIC_done = 0; 
 00F0 790000            clr _IIC_done
 00F3                   .dbline 113
 00F3           ;       
 00F3           ;         if(!IIC_failed)
 00F3 F60000            ldab _IIC_failed
 00F6 C100              cmpb #0
 00F8 260E              bne L28
 00FA                   .dbline 114
 00FA           ;       {
 00FA                   .dbline 115
 00FA           ;           I2C_Timer = RTI_One_Sec * 0.002;   //time between successive reads    
 00FA 180300010000      movw #1,_I2C_Timer
 0100           L30:
 0100                   .dbline 116
 0100           ;           while(I2C_Timer);
 0100           L31:
 0100                   .dbline 116
 0100 FD0000            ldy _I2C_Timer
 0103 8D0000            cpy #0
 0106 26F8              bne L30
 0108                   .dbline 117
 0108           ;       }
 0108           L28:
 0108                   .dbline 119
 0108           ;       
 0108           ;       COP_Trig();
 0108 4A000000          xcall $_COP_Trig
 010C                   .dbline 121
 010C           ;     
 010C           ;       return IICInBuf[0];
 010C F60000            ldab _IICInBuf
 010F 87                clra
 0110 200C              bra L18
 0112           L19:
 0112                   .dbline 124
 0112           ;       }
 0112           ;       else
 0112           ;       {
 0112                   .dbline 125
 0112           ;           printf("Cannot read. Bus Busy.\r");
 0112 CD002F            ldy #L33
 0115 6D80              sty 0,S
 0117 4A000000          xcall $_printf
 011B                   .dbline 126
 011B           ;               return -1;
 011B CC00FF            ldd #255
 011E                   .dbline -2
 011E           L18:
 011E                   .dbline 0 ; func end
 011E 1B84              leas 4,S
 0120 0A                rtc
 0121                   .dbsym l reg 8 c
 0121                   .dbsym l addr 3 c
 0121                   .dbend
 0121                   .dbfunc e I2C_word_write _I2C_word_write fV
 0121           ;            val -> 9,SP
 0121           ;            reg -> 7,SP
 0121           ;           addr -> 3,SP
 0121           $_I2C_word_write::
 0121 3B                pshd
 0122 1B9E              leas -2,S
 0124                   .dbline -1
 0124                   .dbline 133
 0124           ;       }
 0124           ;       
 0124           ;        
 0124           ; }
 0124           ; 
 0124           ; void I2C_word_write(char addr, int reg, int val)
 0124           ; {
 0124                   .dbline 134
 0124           ;     if(!(IBSR & IBSR_IBB))    //IIC bus not busy
 0124 F600E3            ldab 0xe3
 0127 C520              bitb #32
 0129 18260087          lbne L35
 012D                   .dbline 135
 012D           ;       {
 012D                   .dbline 136
 012D           ;         IIC_addr = addr;
 012D 180D830000        movb 3,S,_IIC_addr
 0132                   .dbline 138
 0132           ;     
 0132           ;         IICInBufptr = 0;
 0132 790000            clr _IICInBufptr
 0135                   .dbline 139
 0135           ;       IICOutBufptr = 0;
 0135 790000            clr _IICOutBufptr
 0138                   .dbline 140
 0138           ;       IIC_slave_read = 0;
 0138 790000            clr _IIC_slave_read
 013B                   .dbline 142
 013B           ;       
 013B           ;       IIC_num_TXbytes = 5;
 013B 180B050000        movb #5,_IIC_num_TXbytes
 0140                   .dbline 143
 0140           ;       IIC_num_RXbytes = 0;
 0140 790000            clr _IIC_num_RXbytes
 0143                   .dbline 145
 0143           ;       
 0143           ;               IICOutBuf[0] = reg >> 8;      
 0143 EC87              ldd 7,S
 0145 B701              tfr A,B
 0147 87                clra
 0148 D7                tstb
 0149 2C01              bge X0
 014B 41                coma
 014C           X0:
 014C 7B0000            stab _IICOutBuf
 014F                   .dbline 146
 014F           ;               IICOutBuf[1] = reg;         
 014F E688              ldab 8,S
 0151 7B0001            stab _IICOutBuf+1
 0154                   .dbline 147
 0154           ;               IICOutBuf[2] = val >> 8;   
 0154 EC89              ldd 9,S
 0156 B701              tfr A,B
 0158 87                clra
 0159 D7                tstb
 015A 2C01              bge X1
 015C 41                coma
 015D           X1:
 015D 7B0002            stab _IICOutBuf+2
 0160                   .dbline 148
 0160           ;               IICOutBuf[3] = val;           
 0160 E68A              ldab 10,S
 0162 7B0003            stab _IICOutBuf+3
 0165                   .dbline 150
 0165           ;       
 0165           ;       IBCR |= IBCR_MSSL + IBCR_TXRX;      
 0165 1C00E230          bset 0xe2,#48
 0169                   .dbline 151
 0169           ;       IBDR = IIC_addr;               
 0169 180C000000E4      movb _IIC_addr,0xe4
 016F                   .dbline 153
 016F           ;       
 016F           ;       I2C_Timer = RTI_One_Sec * 0.5;
 016F 180301E80000      movw #488,_I2C_Timer
 0175 2018              bra L41
 0177           L40:
 0177                   .dbline 155
 0177           ;       while(!IIC_done)
 0177           ;       {
 0177                   .dbline 156
 0177           ;          if(!I2C_Timer)
 0177 FD0000            ldy _I2C_Timer
 017A 8D0000            cpy #0
 017D 2610              bne L43
 017F                   .dbline 157
 017F           ;          {
 017F                   .dbline 158
 017F           ;             IIC_failed = true;
 017F 180B010000        movb #1,_IIC_failed
 0184                   .dbline 159
 0184           ;                         printf("IIC word write failed \r");
 0184 CD0017            ldy #L45
 0187 6D80              sty 0,S
 0189 4A000000          xcall $_printf
 018D                   .dbline 160
 018D           ;             break; 
 018D 2007              bra L42
 018F           L43:
 018F                   .dbline 162
 018F           ;          }        
 018F           ;       }
 018F           L41:
 018F                   .dbline 154
 018F F60000            ldab _IIC_done
 0192 C100              cmpb #0
 0194 27E1              beq L40
 0196           L42:
 0196                   .dbline 164
 0196           ;     
 0196           ;       IIC_done = 0; 
 0196 790000            clr _IIC_done
 0199                   .dbline 166
 0199           ;       
 0199           ;       if(!IIC_failed)
 0199 F60000            ldab _IIC_failed
 019C C100              cmpb #0
 019E 260E              bne L46
 01A0                   .dbline 167
 01A0           ;       {
 01A0                   .dbline 168
 01A0           ;           I2C_Timer = RTI_One_Sec * 0.002;      
 01A0 180300010000      movw #1,_I2C_Timer
 01A6           L48:
 01A6                   .dbline 169
 01A6           ;           while(I2C_Timer);
 01A6           L49:
 01A6                   .dbline 169
 01A6 FD0000            ldy _I2C_Timer
 01A9 8D0000            cpy #0
 01AC 26F8              bne L48
 01AE                   .dbline 170
 01AE           ;       }
 01AE           L46:
 01AE                   .dbline 172
 01AE           ;       
 01AE           ;       COP_Trig();
 01AE 4A000000          xcall $_COP_Trig
 01B2                   .dbline 173
 01B2           ;       }
 01B2 2009              bra L36
 01B4           L35:
 01B4                   .dbline 175
 01B4           ;       else
 01B4           ;       {
 01B4                   .dbline 176
 01B4           ;           printf("Cannot write. Bus Busy.\r");
 01B4 CD005E            ldy #L17
 01B7 6D80              sty 0,S
 01B9 4A000000          xcall $_printf
 01BD                   .dbline 177
 01BD           ;       }
 01BD           L36:
 01BD                   .dbline -2
 01BD           L34:
 01BD                   .dbline 0 ; func end
 01BD 1B84              leas 4,S
 01BF 0A                rtc
 01C0                   .dbsym l val 9 I
 01C0                   .dbsym l reg 7 I
 01C0                   .dbsym l addr 3 c
 01C0                   .dbend
 01C0                   .dbfunc e I2C_word_read _I2C_word_read fI
 01C0           ;      rcvd_data -> 2,SP
 01C0           ;            reg -> 9,SP
 01C0           ;           addr -> 5,SP
 01C0           $_I2C_word_read::
 01C0 3B                pshd
 01C1 1B9C              leas -4,S
 01C3                   .dbline -1
 01C3                   .dbline 181
 01C3           ; }
 01C3           ; 
 01C3           ; int I2C_word_read(char addr, int reg)   //int num_bytes
 01C3           ; {
 01C3                   .dbline 183
 01C3           ;     int rcvd_data;
 01C3           ;     IIC_addr = addr;
 01C3 180D850000        movb 5,S,_IIC_addr
 01C8                   .dbline 185
 01C8           ; 
 01C8           ;       if(!(IBSR & IBSR_IBB))    //IIC bus not busy
 01C8 F600E3            ldab 0xe3
 01CB C520              bitb #32
 01CD 18260092          lbne L52
 01D1                   .dbline 186
 01D1           ;       {
 01D1                   .dbline 187
 01D1           ;         IICInBufptr = 0;
 01D1 790000            clr _IICInBufptr
 01D4                   .dbline 188
 01D4           ;       IICOutBufptr = 0;
 01D4 790000            clr _IICOutBufptr
 01D7                   .dbline 189
 01D7           ;       IIC_slave_read = 1;
 01D7 180B010000        movb #1,_IIC_slave_read
 01DC                   .dbline 190
 01DC           ;         IIC_restart = 1;
 01DC 180B010000        movb #1,_IIC_restart
 01E1                   .dbline 192
 01E1           ;     
 01E1           ;       IIC_num_TXbytes = 3;           
 01E1 180B030000        movb #3,_IIC_num_TXbytes
 01E6                   .dbline 193
 01E6           ;       IIC_num_RXbytes = 2;   //num_bytes
 01E6 180B020000        movb #2,_IIC_num_RXbytes
 01EB                   .dbline 195
 01EB           ;       
 01EB           ;       IICOutBuf[0] = reg >> 8;         //2nd   
 01EB EC89              ldd 9,S
 01ED B701              tfr A,B
 01EF 87                clra
 01F0 D7                tstb
 01F1 2C01              bge X2
 01F3 41                coma
 01F4           X2:
 01F4 7B0000            stab _IICOutBuf
 01F7                   .dbline 196
 01F7           ;           IICOutBuf[1] = reg;              //3rd            
 01F7 E68A              ldab 10,S
 01F9 7B0001            stab _IICOutBuf+1
 01FC                   .dbline 197
 01FC           ;       IICOutBuf[2] = IIC_addr | 0x01;  //4th               //slave addr with read bit set    
 01FC F60000            ldab _IIC_addr
 01FF CA01              orab #1
 0201 7B0002            stab _IICOutBuf+2
 0204                   .dbline 199
 0204           ;       
 0204           ;       IBCR |= IBCR_MSSL + IBCR_TXRX;                       //MSSL generates START signal on bus, TXRX is set to Transmit mode
 0204 1C00E230          bset 0xe2,#48
 0208                   .dbline 200
 0208           ;       IBDR = IIC_addr;    //1st                            //calls I2C address, w/write bit set; this initiates a data transfer and triggers the IIC Interrupt
 0208 180C000000E4      movb _IIC_addr,0xe4
 020E                   .dbline 202
 020E           ;       
 020E           ;       I2C_Timer = RTI_One_Sec * 0.5;
 020E 180301E80000      movw #488,_I2C_Timer
 0214 2018              bra L57
 0216           L56:
 0216                   .dbline 204
 0216           ;       while(!IIC_done)
 0216           ;       {
 0216                   .dbline 205
 0216           ;          if(!I2C_Timer)
 0216 FD0000            ldy _I2C_Timer
 0219 8D0000            cpy #0
 021C 2610              bne L59
 021E                   .dbline 206
 021E           ;          {
 021E                   .dbline 207
 021E           ;             IIC_failed = true;
 021E 180B010000        movb #1,_IIC_failed
 0223                   .dbline 208
 0223           ;                         printf("IIC word read failed \r");
 0223 CD0000            ldy #L61
 0226 6D80              sty 0,S
 0228 4A000000          xcall $_printf
 022C                   .dbline 209
 022C           ;             break; 
 022C 2007              bra L58
 022E           L59:
 022E                   .dbline 211
 022E           ;          }        
 022E           ;       }
 022E           L57:
 022E                   .dbline 203
 022E F60000            ldab _IIC_done
 0231 C100              cmpb #0
 0233 27E1              beq L56
 0235           L58:
 0235                   .dbline 212
 0235           ;       IIC_done = 0; 
 0235 790000            clr _IIC_done
 0238                   .dbline 214
 0238           ;       
 0238           ;         if(!IIC_failed)
 0238 F60000            ldab _IIC_failed
 023B C100              cmpb #0
 023D 260E              bne L62
 023F                   .dbline 215
 023F           ;       {
 023F                   .dbline 216
 023F           ;           I2C_Timer = RTI_One_Sec * 0.002;   //time between successive reads    
 023F 180300010000      movw #1,_I2C_Timer
 0245           L64:
 0245                   .dbline 217
 0245           ;           while(I2C_Timer);
 0245           L65:
 0245                   .dbline 217
 0245 FD0000            ldy _I2C_Timer
 0248 8D0000            cpy #0
 024B 26F8              bne L64
 024D                   .dbline 218
 024D           ;       }
 024D           L62:
 024D                   .dbline 220
 024D           ;       
 024D           ;       COP_Trig();
 024D 4A000000          xcall $_COP_Trig
 0251                   .dbline 222
 0251           ;     
 0251           ;           rcvd_data = (IICInBuf[0] << 8) | IICInBuf[1];
 0251 F60000            ldab _IICInBuf
 0254 B714              tfr B,D
 0256 B710              tfr B,A
 0258 F60001            ldab _IICInBuf+1
 025B B746              tfr D,Y
 025D 6D82              sty 2,S
 025F                   .dbline 223
 025F           ;       return rcvd_data;
 025F B764              tfr Y,D
 0261 200C              bra L51
 0263           L52:
 0263                   .dbline 226
 0263           ;       }
 0263           ;       else 
 0263           ;       {
 0263                   .dbline 227
 0263           ;           printf("Cannot read. Bus Busy.\r");
 0263 CD002F            ldy #L33
 0266 6D80              sty 0,S
 0268 4A000000          xcall $_printf
 026C                   .dbline 228
 026C           ;               return -1;
 026C CCFFFF            ldd #65535
 026F                   .dbline -2
 026F           L51:
 026F                   .dbline 0 ; func end
 026F 1B86              leas 6,S
 0271 0A                rtc
 0272                   .dbsym l rcvd_data 2 I
 0272                   .dbsym l reg 9 I
 0272                   .dbsym l addr 5 c
 0272                   .dbend
 0272                   .dbfunc e SPI_byte_write _SPI_byte_write fV
 0272           ;            val -> 10,SP
 0272           ;            reg -> 8,SP
 0272           ;             CS -> 3,SP
 0272           $_SPI_byte_write::
 0272 3B                pshd
 0273 1B9E              leas -2,S
 0275                   .dbline -1
 0275                   .dbline 233
 0275           ;       }
 0275           ; }
 0275           ; 
 0275           ; void SPI_byte_write(char CS, char reg, char val)
 0275           ; {
 0275                   .dbline 234
 0275           ;       if(firstWriteSPI) //dummy write
 0275 F60001            ldab _firstWriteSPI
 0278 C100              cmpb #0
 027A 2730              beq L69
 027C                   .dbline 235
 027C           ;       {
 027C                   .dbline 236
 027C           ;           SPI0OutBufptr = 1;
 027C 180300010000      movw #1,_SPI0OutBufptr
 0282                   .dbline 237
 0282           ;           PTM &= ~CS;
 0282 E683              ldab 3,S
 0284 51                comb
 0285 B716              tfr B,Y
 0287 F60250            ldab 0x250
 028A 6D80              sty 0,S
 028C E481              andb 1,S
 028E 7B0250            stab 0x250
 0291                   .dbline 238
 0291           ;           SPI0DR = 0x01; 
 0291 180B0100DD        movb #1,0xdd
 0296                   .dbline 239
 0296           ;               SPI0CR1 |= SPICR1_SPTIE;
 0296 1C00D820          bset 0xd8,#32
 029A           L71:
 029A                   .dbline 240
 029A           ;       while ( SPI0CR1 & SPICR1_SPTIE );
 029A           L72:
 029A                   .dbline 240
 029A F600D8            ldab 0xd8
 029D C520              bitb #32
 029F 26F9              bne L71
 02A1                   .dbline 241
 02A1           ;               PTM |= CS;
 02A1 F60250            ldab 0x250
 02A4 EA83              orab 3,S
 02A6 7B0250            stab 0x250
 02A9                   .dbline 242
 02A9           ;           firstWriteSPI = false;    
 02A9 790001            clr _firstWriteSPI
 02AC                   .dbline 243
 02AC           ;       }
 02AC           L69:
 02AC                   .dbline 245
 02AC           ;       
 02AC           ;     SPI0OutBufptr = 0;
 02AC 180300000000      movw #0,_SPI0OutBufptr
 02B2                   .dbline 246
 02B2           ;       SPI0OutBuf[0] = reg;         
 02B2 180D880000        movb 8,S,_SPI0OutBuf
 02B7                   .dbline 247
 02B7           ;     SPI0OutBuf[1] = val;
 02B7 180D8A0001        movb 10,S,_SPI0OutBuf+1
 02BC                   .dbline 249
 02BC           ;               
 02BC           ;     PTM &= ~CS;
 02BC E683              ldab 3,S
 02BE 51                comb
 02BF B716              tfr B,Y
 02C1 F60250            ldab 0x250
 02C4 6D80              sty 0,S
 02C6 E481              andb 1,S
 02C8 7B0250            stab 0x250
 02CB                   .dbline 250
 02CB           ;       SPI0DR = SPI0OutBuf[0];
 02CB 180C000000DD      movb _SPI0OutBuf,0xdd
 02D1                   .dbline 251
 02D1           ;     SPI0CR1 |= SPICR1_SPTIE;
 02D1 1C00D820          bset 0xd8,#32
 02D5           L75:
 02D5                   .dbline 252
 02D5           ;     while ( SPI0CR1 & SPICR1_SPTIE );
 02D5           L76:
 02D5                   .dbline 252
 02D5 F600D8            ldab 0xd8
 02D8 C520              bitb #32
 02DA 26F9              bne L75
 02DC                   .dbline 254
 02DC           ;       
 02DC           ;       PTM |= CS;
 02DC F60250            ldab 0x250
 02DF EA83              orab 3,S
 02E1 7B0250            stab 0x250
 02E4                   .dbline -2
 02E4           L68:
 02E4                   .dbline 0 ; func end
 02E4 1B84              leas 4,S
 02E6 0A                rtc
 02E7                   .dbsym l val 10 c
 02E7                   .dbsym l reg 8 c
 02E7                   .dbsym l CS 3 c
 02E7                   .dbend
 02E7                   .dbfunc e SPI_byte_read _SPI_byte_read fc
 02E7           ;            reg -> 8,SP
 02E7           ;             CS -> 3,SP
 02E7           $_SPI_byte_read::
 02E7 3B                pshd
 02E8 1B9E              leas -2,S
 02EA                   .dbline -1
 02EA                   .dbline 258
 02EA           ; }
 02EA           ; 
 02EA           ; char SPI_byte_read(char CS, char reg)
 02EA           ; {
 02EA                   .dbline 259
 02EA           ;     SPI0InBufptr = 0;
 02EA 180300000000      movw #0,_SPI0InBufptr
 02F0                   .dbline 260
 02F0           ;       SPI0OutBufptr = 0;
 02F0 180300000000      movw #0,_SPI0OutBufptr
 02F6                   .dbline 261
 02F6           ;       SPI0OutBuf[0] = reg;
 02F6 180D880000        movb 8,S,_SPI0OutBuf
 02FB                   .dbline 263
 02FB           ;       
 02FB           ;     PTM &= ~CS;
 02FB E683              ldab 3,S
 02FD 51                comb
 02FE B716              tfr B,Y
 0300 F60250            ldab 0x250
 0303 6D80              sty 0,S
 0305 E481              andb 1,S
 0307 7B0250            stab 0x250
 030A                   .dbline 264
 030A           ;       SPI0DR = SPI0OutBuf[0];
 030A 180C000000DD      movb _SPI0OutBuf,0xdd
 0310                   .dbline 265
 0310           ;     SPI0CR1 |= SPICR1_SPTIE;
 0310 1C00D820          bset 0xd8,#32
 0314           L79:
 0314                   .dbline 266
 0314           ;     while ( SPI0CR1 & SPICR1_SPTIE );
 0314           L80:
 0314                   .dbline 266
 0314 F600D8            ldab 0xd8
 0317 C520              bitb #32
 0319 26F9              bne L79
 031B                   .dbline 268
 031B           ;       
 031B           ;       PTM |= CS;
 031B F60250            ldab 0x250
 031E EA83              orab 3,S
 0320 7B0250            stab 0x250
 0323                   .dbline 270
 0323           ;                   
 0323           ;     return SPI0InBuf[1];
 0323 F60001            ldab _SPI0InBuf+1
 0326 87                clra
 0327                   .dbline -2
 0327           L78:
 0327                   .dbline 0 ; func end
 0327 1B84              leas 4,S
 0329 0A                rtc
 032A                   .dbsym l reg 8 c
 032A                   .dbsym l CS 3 c
 032A                   .dbend
                        .area bss
 0000                   .dbfile C:\Dev\REV1~1.01\I2C_SPI.c
 0000           _IIC_addr::
 0000                   .blkb 1
 0001                   .dbsym e IIC_addr _IIC_addr c
                        .area text
 0000                   .dbfile C:\Dev\REV1~1.01\I2C_SPI.c
 0000           L61:
 0000 49494320776F72642072656164206661  .byte 'I,'I,'C,32,'w,'o,'r,'d,32,'r,'e,'a,'d,32,'f,'a
 0010 696C6564200D00    .byte 'i,'l,'e,'d,32,13,0
 0017           L45:
 0017 49494320776F72642077726974652066  .byte 'I,'I,'C,32,'w,'o,'r,'d,32,'w,'r,'i,'t,'e,32,'f
 0027 61696C6564200D00  .byte 'a,'i,'l,'e,'d,32,13,0
 002F           L33:
 002F 43616E6E6F7420726561642E20427573  .byte 'C,'a,'n,'n,'o,'t,32,'r,'e,'a,'d,46,32,'B,'u,'s
 003F 20427573792E0D00  .byte 32,'B,'u,'s,'y,46,13,0
 0047           L27:
 0047 49494320627974652072656164206661  .byte 'I,'I,'C,32,'b,'y,'t,'e,32,'r,'e,'a,'d,32,'f,'a
 0057 696C6564200D00    .byte 'i,'l,'e,'d,32,13,0
 005E           L17:
 005E 43616E6E6F742077726974652E204275  .byte 'C,'a,'n,'n,'o,'t,32,'w,'r,'i,'t,'e,46,32,'B,'u
 006E 7320427573792E0D00        .byte 's,32,'B,'u,'s,'y,46,13,0
 0077           L11:
 0077 49494320627974652077726974652066  .byte 'I,'I,'C,32,'b,'y,'t,'e,32,'w,'r,'i,'t,'e,32,'f
 0087 61696C6564200D00  .byte 'a,'i,'l,'e,'d,32,13,0
